// Jest Snapshot v1, https://goo.gl/fbAQLP

exports[`PokemonPicture component Should match with the snapshot 1`] = `<div class="pokemon-container"><img src="https://raw.githubusercontent.com/PokeAPI/sprites/master/sprites/pokemon/other/dream-world/1.svg" class="hidden-pokemon" alt="Pokemon image"></div>`;
